// Jest Snapshot v1, https://goo.gl/fbAQLP

exports[`matches shanpshot 1`] = `
<DocumentFragment>
  <div
    class="App"
  >
    <div
      class="TodoList"
    >
      <h3>
        Create a Todo
      </h3>
      <form>
        <label
          for="task"
        >
          Task: 
        </label>
        <input
          id="task"
          name="task"
          placeholder="Name of Todo"
          type="text"
          value=""
        />
        <button>
          Add a Todo
        </button>
      </form>
      <ul />
    </div>
  </div>
</DocumentFragment>
`;
